2026-06-10T00:00:36.691+05:30  WARN 8636 --- [start] [HikariPool-1:housekeeper] com.zaxxer.hikari.pool.HikariPool        : HikariPool-1 - Thread starvation or clock leap detected (housekeeper delta=1m2s108ms).
2026-06-10T00:07:07.458+05:30  WARN 8636 --- [start] [HikariPool-1:housekeeper] com.zaxxer.hikari.pool.HikariPool        : HikariPool-1 - Thread starvation or clock leap detected (housekeeper delta=6m752ms).
2026-06-10T00:22:35.676+05:30  WARN 8636 --- [start] [HikariPool-1:housekeeper] com.zaxxer.hikari.pool.HikariPool        : HikariPool-1 - Thread starvation or clock leap detected (housekeeper delta=15m28s218ms).
2026-06-10T00:24:28.256+05:30  WARN 8636 --- [start] [HikariPool-1:housekeeper] com.zaxxer.hikari.pool.HikariPool        : HikariPool-1 - Thread starvation or clock leap detected (housekeeper delta=1m22s572ms).
2026-06-10T00:38:12.030+05:30  WARN 8636 --- [start] [HikariPool-1:housekeeper] com.zaxxer.hikari.pool.HikariPool        : HikariPool-1 - Thread starvation or clock leap detected (housekeeper delta=13m43s773ms).
2026-06-10T01:28:57.634+05:30  WARN 8636 --- [start] [HikariPool-1:housekeeper] com.zaxxer.hikari.pool.HikariPool        : HikariPool-1 - Thread starvation or clock leap detected (housekeeper delta=50m45s605ms).
2026-06-10T02:39:15.670+05:30  WARN 8636 --- [start] [HikariPool-1:housekeeper] com.zaxxer.hikari.pool.HikariPool        : HikariPool-1 - Thread starvation or clock leap detected (housekeeper delta=1h10m18s36ms).
2026-06-10T04:17:20.658+05:30  WARN 8636 --- [start] [HikariPool-1:housekeeper] com.zaxxer.hikari.pool.HikariPool        : HikariPool-1 - Thread starvation or clock leap detected (housekeeper delta=1h38m4s988ms).
2026-06-10T05:38:38.795+05:30  WARN 8636 --- [start] [HikariPool-1:housekeeper] com.zaxxer.hikari.pool.HikariPool        : HikariPool-1 - Thread starvation or clock leap detected (housekeeper delta=1h21m18s137ms).
2026-06-10T07:06:26.651+05:30  WARN 8636 --- [start] [HikariPool-1:housekeeper] com.zaxxer.hikari.pool.HikariPool        : HikariPool-1 - Thread starvation or clock leap detected (housekeeper delta=1h27m47s856ms).
2026-06-10T08:12:10.813+05:30  WARN 8636 --- [start] [HikariPool-1:housekeeper] com.zaxxer.hikari.pool.HikariPool        : HikariPool-1 - Thread starvation or clock leap detected (housekeeper delta=1h5m44s162ms).
2026-06-10T09:22:49.960+05:30  WARN 8636 --- [start] [HikariPool-1:housekeeper] com.zaxxer.hikari.pool.HikariPool        : HikariPool-1 - Thread starvation or clock leap detected (housekeeper delta=1h10m39s147ms).
2026-06-10T10:28:41.949+05:30  WARN 8636 --- [start] [HikariPool-1:housekeeper] com.zaxxer.hikari.pool.HikariPool        : HikariPool-1 - Thread starvation or clock leap detected (housekeeper delta=1h5m51s989ms).
2026-06-10T10:51:47.140+05:30  WARN 8636 --- [start] [HikariPool-1:housekeeper] com.zaxxer.hikari.pool.HikariPool        : HikariPool-1 - Thread starvation or clock leap detected (housekeeper delta=23m5s191ms).
2026-06-10T11:07:51.031+05:30  WARN 8636 --- [start] [HikariPool-1:housekeeper] com.zaxxer.hikari.pool.HikariPool        : HikariPool-1 - Thread starvation or clock leap detected (housekeeper delta=15m29s851ms).
2026-06-10T11:37:59.242+05:30  WARN 8636 --- [start] [HikariPool-1:housekeeper] com.zaxxer.hikari.pool.HikariPool        : HikariPool-1 - Thread starvation or clock leap detected (housekeeper delta=30m8s211ms).
2026-06-10T11:59:19.581+05:30  WARN 8636 --- [start] [HikariPool-1:housekeeper] com.zaxxer.hikari.pool.HikariPool        : HikariPool-1 - Thread starvation or clock leap detected (housekeeper delta=21m20s339ms).
2026-06-10T12:14:49.443+05:30  WARN 8636 --- [start] [HikariPool-1:housekeeper] com.zaxxer.hikari.pool.HikariPool        : HikariPool-1 - Thread starvation or clock leap detected (housekeeper delta=15m29s862ms).
2026-06-10T12:37:38.222+05:30  WARN 8636 --- [start] [HikariPool-1:housekeeper] com.zaxxer.hikari.pool.HikariPool        : HikariPool-1 - Thread starvation or clock leap detected (housekeeper delta=22m48s778ms).
2026-06-10T12:54:42.932+05:30  WARN 8636 --- [start] [HikariPool-1:housekeeper] com.zaxxer.hikari.pool.HikariPool        : HikariPool-1 - Thread starvation or clock leap detected (housekeeper delta=17m4s711ms).
2026-06-10T13:39:14.496+05:30  WARN 8636 --- [start] [HikariPool-1:housekeeper] com.zaxxer.hikari.pool.HikariPool        : HikariPool-1 - Thread starvation or clock leap detected (housekeeper delta=44m31s564ms).
2026-06-10T13:54:44.374+05:30  WARN 8636 --- [start] [HikariPool-1:housekeeper] com.zaxxer.hikari.pool.HikariPool        : HikariPool-1 - Thread starvation or clock leap detected (housekeeper delta=15m29s878ms).
2026-06-10T14:25:14.134+05:30  WARN 8636 --- [start] [HikariPool-1:housekeeper] com.zaxxer.hikari.pool.HikariPool        : HikariPool-1 - Thread starvation or clock leap detected (housekeeper delta=30m29s760ms).
2026-06-10T14:26:44.810+05:30  WARN 8636 --- [start] [HikariPool-1:housekeeper] com.zaxxer.hikari.pool.HikariPool        : HikariPool-1 - Thread starvation or clock leap detected (housekeeper delta=1m30s675ms).
2026-06-10T14:55:02.279+05:30  WARN 8636 --- [start] [HikariPool-1:housekeeper] com.zaxxer.hikari.pool.HikariPool        : HikariPool-1 - Thread starvation or clock leap detected (housekeeper delta=28m17s469ms).
2026-06-10T14:56:59.036+05:30  WARN 8636 --- [start] [HikariPool-1:housekeeper] com.zaxxer.hikari.pool.HikariPool        : HikariPool-1 - Thread starvation or clock leap detected (housekeeper delta=1m56s757ms).
2026-06-10T15:42:18.409+05:30  WARN 8636 --- [start] [HikariPool-1:housekeeper] com.zaxxer.hikari.pool.HikariPool        : HikariPool-1 - Thread starvation or clock leap detected (housekeeper delta=2m48s980ms).
2026-06-10T15:53:15.191+05:30  WARN 8636 --- [start] [HikariPool-1:housekeeper] com.zaxxer.hikari.pool.HikariPool        : HikariPool-1 - Thread starvation or clock leap detected (housekeeper delta=10m56s782ms).
2026-06-10T16:16:23.520+05:30  WARN 8636 --- [start] [HikariPool-1:housekeeper] com.zaxxer.hikari.pool.HikariPool        : HikariPool-1 - Thread starvation or clock leap detected (housekeeper delta=9m8s213ms).
2026-06-10T16:18:20.448+05:30  WARN 8636 --- [start] [HikariPool-1:housekeeper] com.zaxxer.hikari.pool.HikariPool        : HikariPool-1 - Thread starvation or clock leap detected (housekeeper delta=1m56s928ms).
2026-06-10T16:34:36.405+05:30  WARN 8636 --- [start] [HikariPool-1:housekeeper] com.zaxxer.hikari.pool.HikariPool        : HikariPool-1 - Thread starvation or clock leap detected (housekeeper delta=16m15s958ms).
2026-06-10T17:05:04.900+05:30  WARN 8636 --- [start] [HikariPool-1:housekeeper] com.zaxxer.hikari.pool.HikariPool        : HikariPool-1 - Thread starvation or clock leap detected (housekeeper delta=30m28s494ms).
2026-06-10T17:20:34.770+05:30  WARN 8636 --- [start] [HikariPool-1:housekeeper] com.zaxxer.hikari.pool.HikariPool        : HikariPool-1 - Thread starvation or clock leap detected (housekeeper delta=15m29s871ms).
2026-06-10T17:36:04.628+05:30  WARN 8636 --- [start] [HikariPool-1:housekeeper] com.zaxxer.hikari.pool.HikariPool        : HikariPool-1 - Thread starvation or clock leap detected (housekeeper delta=15m29s858ms).
2026-06-10T18:06:34.381+05:30  WARN 8636 --- [start] [HikariPool-1:housekeeper] com.zaxxer.hikari.pool.HikariPool        : HikariPool-1 - Thread starvation or clock leap detected (housekeeper delta=30m29s753ms).
2026-06-10T18:11:11.751+05:30  WARN 8636 --- [start] [HikariPool-1:housekeeper] com.zaxxer.hikari.pool.HikariPool        : HikariPool-1 - Thread starvation or clock leap detected (housekeeper delta=4m37s370ms).
2026-06-10T18:17:39.337+05:30  WARN 8636 --- [start] [HikariPool-1:housekeeper] com.zaxxer.hikari.pool.HikariPool        : HikariPool-1 - Thread starvation or clock leap detected (housekeeper delta=6m27s586ms).
2026-06-10T18:34:44.554+05:30  WARN 8636 --- [start] [HikariPool-1:housekeeper] com.zaxxer.hikari.pool.HikariPool        : HikariPool-1 - Thread starvation or clock leap detected (housekeeper delta=17m5s217ms).
2026-06-10T18:50:14.429+05:30  WARN 8636 --- [start] [HikariPool-1:housekeeper] com.zaxxer.hikari.pool.HikariPool        : HikariPool-1 - Thread starvation or clock leap detected (housekeeper delta=15m29s874ms).
2026-06-10T19:06:29.164+05:30  WARN 8636 --- [start] [HikariPool-1:housekeeper] com.zaxxer.hikari.pool.HikariPool        : HikariPool-1 - Thread starvation or clock leap detected (housekeeper delta=16m14s736ms).
2026-06-10T19:18:39.451+05:30  WARN 8636 --- [start] [HikariPool-1:housekeeper] com.zaxxer.hikari.pool.HikariPool        : HikariPool-1 - Thread starvation or clock leap detected (housekeeper delta=12m10s287ms).
2026-06-10T19:49:09.170+05:30  WARN 8636 --- [start] [HikariPool-1:housekeeper] com.zaxxer.hikari.pool.HikariPool        : HikariPool-1 - Thread starvation or clock leap detected (housekeeper delta=30m29s719ms).
2026-06-10T20:03:16.092+05:30  WARN 8636 --- [start] [HikariPool-1:housekeeper] com.zaxxer.hikari.pool.HikariPool        : HikariPool-1 - Thread starvation or clock leap detected (housekeeper delta=14m6s922ms).
2026-06-10T20:04:57.412+05:30  INFO 8636 --- [start] [File Watcher] rtingClassPathChangeChangedEventListener : Restarting due to 1 class path change (0 additions, 0 deletions, 1 modification)
2026-06-10T20:04:57.424+05:30  INFO 8636 --- [start] [Thread-7] o.s.b.w.e.tomcat.GracefulShutdown        : Commencing graceful shutdown. Waiting for active requests to complete
2026-06-10T20:04:57.429+05:30  INFO 8636 --- [start] [tomcat-shutdown] o.s.b.w.e.tomcat.GracefulShutdown        : Graceful shutdown complete
2026-06-10T20:04:57.440+05:30  INFO 8636 --- [start] [Thread-7] j.LocalContainerEntityManagerFactoryBean : Closing JPA EntityManagerFactory for persistence unit 'default'
2026-06-10T20:04:57.445+05:30  INFO 8636 --- [start] [Thread-7] com.zaxxer.hikari.HikariDataSource       : HikariPool-1 - Shutdown initiated...
2026-06-10T20:04:57.447+05:30  INFO 8636 --- [start] [Thread-7] com.zaxxer.hikari.HikariDataSource       : HikariPool-1 - Shutdown completed.
2026-06-10T20:04:57.530+05:30  INFO 8636 --- [start] [restartedMain] c.e.dashboard.start.StartApplication     : Starting StartApplication using Java 21.0.11 with PID 8636 (/Users/santoshsingh/Documents/Spring Boot/start/target/classes started by santoshsingh in /Users/santoshsingh/Documents/Spring Boot/start)
2026-06-10T20:04:57.531+05:30  INFO 8636 --- [start] [restartedMain] c.e.dashboard.start.StartApplication     : The following 1 profile is active: "dev"
2026-06-10T20:04:57.864+05:30  INFO 8636 --- [start] [restartedMain] .s.d.r.c.RepositoryConfigurationDelegate : Bootstrapping Spring Data JPA repositories in DEFAULT mode.
2026-06-10T20:04:57.889+05:30  INFO 8636 --- [start] [restartedMain] .s.d.r.c.RepositoryConfigurationDelegate : Finished Spring Data repository scanning in 24 ms. Found 4 JPA repository interfaces.
2026-06-10T20:04:58.026+05:30  INFO 8636 --- [start] [restartedMain] o.s.b.w.embedded.tomcat.TomcatWebServer  : Tomcat initialized with port 8080 (http)
2026-06-10T20:04:58.027+05:30  INFO 8636 --- [start] [restartedMain] o.apache.catalina.core.StandardService   : Starting service [Tomcat]
2026-06-10T20:04:58.028+05:30  INFO 8636 --- [start] [restartedMain] o.apache.catalina.core.StandardEngine    : Starting Servlet engine: [Apache Tomcat/10.1.49]
2026-06-10T20:04:58.034+05:30  INFO 8636 --- [start] [restartedMain] o.a.c.c.C.[Tomcat].[localhost].[/]       : Initializing Spring embedded WebApplicationContext
2026-06-10T20:04:58.034+05:30  INFO 8636 --- [start] [restartedMain] w.s.c.ServletWebServerApplicationContext : Root WebApplicationContext: initialization completed in 493 ms
2026-06-10T20:04:58.152+05:30  INFO 8636 --- [start] [restartedMain] com.zaxxer.hikari.HikariDataSource       : HikariPool-2 - Starting...
2026-06-10T20:04:58.164+05:30  INFO 8636 --- [start] [restartedMain] com.zaxxer.hikari.pool.HikariPool        : HikariPool-2 - Added connection org.postgresql.jdbc.PgConnection@1e07f712
2026-06-10T20:04:58.164+05:30  INFO 8636 --- [start] [restartedMain] com.zaxxer.hikari.HikariDataSource       : HikariPool-2 - Start completed.
2026-06-10T20:04:58.170+05:30  INFO 8636 --- [start] [restartedMain] org.flywaydb.core.FlywayExecutor         : Database: jdbc:postgresql://localhost:5432/postgres (PostgreSQL 18.4)
2026-06-10T20:04:58.176+05:30  WARN 8636 --- [start] [restartedMain] o.f.c.internal.database.base.Database    : Flyway upgrade recommended: PostgreSQL 18.4 is newer than this version of Flyway and support has not been tested. The latest supported version of PostgreSQL is 17.
2026-06-10T20:04:58.185+05:30  INFO 8636 --- [start] [restartedMain] o.f.core.internal.command.DbValidate     : Successfully validated 3 migrations (execution time 00:00.006s)
2026-06-10T20:04:58.197+05:30  INFO 8636 --- [start] [restartedMain] o.f.core.internal.command.DbMigrate      : Current version of schema "public": 2
2026-06-10T20:04:58.197+05:30  INFO 8636 --- [start] [restartedMain] o.f.core.internal.command.DbMigrate      : Schema "public" is up to date. No migration necessary.
2026-06-10T20:04:58.215+05:30  INFO 8636 --- [start] [restartedMain] o.hibernate.jpa.internal.util.LogHelper  : HHH000204: Processing PersistenceUnitInfo [name: default]
2026-06-10T20:04:58.216+05:30  INFO 8636 --- [start] [restartedMain] o.h.c.internal.RegionFactoryInitiator    : HHH000026: Second-level cache disabled
2026-06-10T20:04:58.221+05:30  INFO 8636 --- [start] [restartedMain] o.s.o.j.p.SpringPersistenceUnitInfo      : No LoadTimeWeaver setup: ignoring JPA class transformer
2026-06-10T20:04:58.226+05:30  WARN 8636 --- [start] [restartedMain] org.hibernate.orm.deprecation            : HHH90000025: PostgreSQLDialect does not need to be specified explicitly using 'hibernate.dialect' (remove the property setting and it will be selected by default)
2026-06-10T20:04:58.227+05:30  INFO 8636 --- [start] [restartedMain] org.hibernate.orm.connections.pooling    : HHH10001005: Database info:
	Database JDBC URL [Connecting through datasource 'HikariDataSource (HikariPool-2)']
	Database driver: undefined/unknown
	Database version: 18.4
	Autocommit mode: undefined/unknown
	Isolation level: undefined/unknown
	Minimum pool size: undefined/unknown
	Maximum pool size: undefined/unknown
2026-06-10T20:04:58.275+05:30  INFO 8636 --- [start] [restartedMain] o.h.e.t.j.p.i.JtaPlatformInitiator       : HHH000489: No JTA platform available (set 'hibernate.transaction.jta.platform' to enable JTA platform integration)
2026-06-10T20:04:58.286+05:30  INFO 8636 --- [start] [restartedMain] j.LocalContainerEntityManagerFactoryBean : Initialized JPA EntityManagerFactory for persistence unit 'default'
2026-06-10T20:04:58.564+05:30  INFO 8636 --- [start] [restartedMain] o.s.b.a.e.web.EndpointLinksResolver      : Exposing 15 endpoints beneath base path '/actuator'
2026-06-10T20:04:58.582+05:30  WARN 8636 --- [start] [restartedMain] .s.s.UserDetailsServiceAutoConfiguration : 

Using generated security password: c6a3e4cc-8e9d-415a-8bca-d6b74e572b59

This generated password is for development use only. Your security configuration must be updated before running your application in production.

2026-06-10T20:04:58.583+05:30  INFO 8636 --- [start] [restartedMain] r$InitializeUserDetailsManagerConfigurer : Global AuthenticationManager configured with UserDetailsService bean with name inMemoryUserDetailsManager
2026-06-10T20:04:58.670+05:30  INFO 8636 --- [start] [restartedMain] o.s.b.d.a.OptionalLiveReloadServer       : LiveReload server is running on port 35729
2026-06-10T20:04:58.677+05:30  INFO 8636 --- [start] [restartedMain] o.s.b.w.embedded.tomcat.TomcatWebServer  : Tomcat started on port 8080 (http) with context path '/'
2026-06-10T20:04:58.680+05:30  INFO 8636 --- [start] [restartedMain] c.e.dashboard.start.StartApplication     : Started StartApplication in 1.185 seconds (process running for 24318.689)
2026-06-10T20:04:58.681+05:30  INFO 8636 --- [start] [restartedMain] .ConditionEvaluationDeltaLoggingListener : Condition evaluation unchanged
